?? [??] 璅寧???撅文? UI 瘛勗漲?風皜祈岫 (Tree-Hierarchical Deep Crawl) 摰?脰風??

?? ?脣?? 1: 撖血?颲航風隢株岷
   ??? 皜祈岫摮重?賊?: 敺葦 (???脩戌?芸?)
   ??? 皜祈岫摮重?賊?: 瘜? (摰Ｚ?瘜?撠?)
   ??? 皜祈岫摮重?賊?: 瑼Ｗ?摰?(???舐蔽瘙?)

?? ?脣?? 2: ?亥?擗菟?
   ??? 皜祈岫摮重?賊?: ?寞活??蝯?皜祈岫

?? ?脣?? 3: ?豢?摰????
   ??? 皜祈岫摮重?賊?: ??

?? ?脣?? 4: 閮渲??貊?韏瑁?
   ??? 皜祈岫摮重?賊?: 瘞??拿鞈?韏瑁迄?
   ??? 皜祈岫摮重?賊?: ???迄?
   ??? 皜祈岫摮重?賊?: 瘞?蝑劑?
   ??? 皜祈岫摮重?賊?: 瘞?銝迄??

?? ?脣?? 5: 蝟餌絞???極??
   ??? 皜祈岫摮重?賊?: 瘞?靘菜?銵鞈? (2撟?
   ??? 皜祈岫摮重?賊?: 銝?祆??瘙? (15撟?
   ??? 皜祈岫摮重?賊?: 銵?祆?銝?瘙?/撌亥? (5撟?
   ??? 皜祈岫摮重?賊?: ?瘜?4璇?0?仿?交?????
   ??? 皜祈岫摮重?賊?: AES??撠

?? ?邦???撅文?皜祈岫摰??3 ???嗆?霅瘀???蜓???質?摮重?賊??歇閫貊銝行??
